[marketplace.dexscreener.com/product/token-info.html]
[backblue.gif]
[fade.gif]
[index.html]
[marketplace.dexscreener.com/_next/static/css/645ee0bf71eba7ee.css]
[marketplace.dexscreener.com/_next/static/chunks/polyfills-78c92fac7aa8fdd8.js]
[marketplace.dexscreener.com/_next/static/chunks/webpack-824512680d4f0d98.js]
[marketplace.dexscreener.com/_next/static/chunks/framework-ba379a5696ea7312.js]
[marketplace.dexscreener.com/_next/static/chunks/main-23b4a2433cef7c0a.js]
[marketplace.dexscreener.com/_next/static/chunks/pages/_app-6d2b3d2ce89af6ec.js]
[marketplace.dexscreener.com/_next/static/chunks/361fcbb7-c3e3d2f9dc04a4a2.js]
[marketplace.dexscreener.com/_next/static/chunks/531-f90ea15dc3de8e7b.js]
[marketplace.dexscreener.com/_next/static/chunks/pages/product/[slug]-1edf13e2c6f676e8.js]
[marketplace.dexscreener.com/_next/static/dvHBw1DgyXtW5OMWrpWtF/_buildManifest.js]
[marketplace.dexscreener.com/_next/static/dvHBw1DgyXtW5OMWrpWtF/_ssgManifest.js]
[marketplace.dexscreener.com/product/token-info.html]
[marketplace.dexscreener.com/_next/static/css/645ee0bf71eba7ee.css]
[marketplace.dexscreener.com/product/token-info/order.html]
[marketplace.dexscreener.com/_next/static/chunks/356-e4d1bbbe270aba60.js]
[marketplace.dexscreener.com/_next/static/chunks/845-084a6e1aa2cbe9f0.js]
[marketplace.dexscreener.com/_next/static/chunks/397-7011beb8f98089e0.js]
[marketplace.dexscreener.com/_next/static/chunks/755-8a03acccc6352496.js]
[marketplace.dexscreener.com/_next/static/chunks/252-af56bbf803a29fae.js]
[marketplace.dexscreener.com/_next/static/chunks/pages/product/[slug]/order-f090c7aac62f4aa2.js]
[marketplace.dexscreener.com/product/token-info/butter.14.delayed]
[marketplace.dexscreener.com/product/token-info/order.html]
[marketplace.dexscreener.com/product/_data_image/svg+xml;charset=utf-8,_svg xmlns='http_/www.w3.org/2000/svg' viewBox='0 0 320 240'__filter id='b' color/__feColorMatrix values='1 0 0 0 0/filter__image width='10]
[marketplace.dexscreener.com/product/token-info/404]
[marketplace.dexscreener.com/product/_data_image/svg+xml;charset=utf-8,_svg xmlns='http_/www.w3.org/2000/svg' viewBox='0 0 320 240'__filter id='b' color/__feColorMatrix values='1 0 0 0 0/filter__image width='10-2]
[marketplace.dexscreener.com/product/_data_image/svg+xml;charset=utf-8,_svg xmlns='http_/www.w3.org/2000/svg' viewBox='0 0 320 240'__filter id='b' color/__feColorMatrix values='1 0 0 0 0/filter__image width='10-2]
